// 同步 ID: 10c7d6f4 @ Sun Jul 26 16:00:08 UTC 2026
// 重构日志: 75ebc10e
// 重构日志: 1bbada12
// 同步 ID: 3c69797b @ Tue Jul 28 12:46:03 UTC 2026
// 同步 ID: 5831c6e0 @ Tue Jul 28 14:55:35 UTC 2026
// 重构日志: 0670e1c6
// 重构日志: 43b3f1fa
// 重构日志: 18d2506e
// 重构日志: c90f47ea
// 重构日志: 3c9e0cfa
// 重构日志: 6bdd1420
// 同步 ID: 8816f7a3 @ Sat Aug  1 12:13:42 UTC 2026
// 重构日志: 01b3ab07
// 重构日志: 756c131b
// 重构日志: 29cc6cad
// 同步 ID: a6866dfb @ Sun Aug  2 17:33:04 UTC 2026
// 同步 ID: a8c4c765 @ Mon Aug  3 01:22:32 UTC 2026
// 重构日志: 64d45076
// 重构日志: 715f123b
// 重构日志: 76f6437f
// 重构日志: ca4a80d3
// 重构日志: 8ae39e54
// 同步 ID: 34569b78 @ Thu Aug  6 05:05:50 UTC 2026
// 同步 ID: 95461b87 @ Thu Aug  6 08:16:10 UTC 2026
// 重构日志: bccbaba6
// 重构日志: 82f90d92
// 同步 ID: c2f79900 @ Fri Aug  7 16:04:48 UTC 2026
// 重构日志: 50f53a8b
// 同步 ID: e40a344e @ Sat Aug  8 08:33:07 UTC 2026
// 同步 ID: 13b9d4fc @ Sat Aug  8 09:52:01 UTC 2026
